//line input.go:1:1
package example

//line <generated>:1
import __orch8rion_time "time"

//line input.go:3
type injectMe struct {
  existingField string
//line <generated>:1
  newField __orch8rion_time.Duration
}
