//line input.go:1:1
package test

import (
  "context"
//line <generated>:1
  __orch8rion_tracer "gopkg.in/DataDog/dd-trace-go.v1/ddtrace/tracer"
)

//dd:span foo:bar baz:qux
//line input.go:8
func outer(ctx context.Context) {
//line <generated>:1
  {
    var span __orch8rion_tracer.Span
    span, ctx = __orch8rion_tracer.StartSpanFromContext(ctx, "outer",
      __orch8rion_tracer.Tag("function-name", "outer"),
      __orch8rion_tracer.Tag("foo", "bar"),
      __orch8rion_tracer.Tag("baz", "qux"),
    )

    defer span.Finish()
  }
  //dd:span
//line input.go:10
  inner := func(c context.Context) {
//line <generated>:1
    {
      var span __orch8rion_tracer.Span
      span, c = __orch8rion_tracer.StartSpanFromContext(c, "")

      defer span.Finish()
    }
//line input.go:11
    panic("Not implemented")
  }
  inner(ctx)
}
