//line input.go:1:1
package test

//line <generated>:1
import __orch8rion_fmt "fmt"

//line input.go:3
var fmt = "hello"

//dd:span
func foo() {
//line <generated>:1
  {
    __orch8rion_fmt.Println("hello world")
  }
//line input.go:7
  println(fmt)
}
