//line samples/client/main.go:1:1
// Unless explicitly stated otherwise all files in this repository are licensed
// under the Apache License Version 2.0.
// This product includes software developed at Datadog (https://www.datadoghq.com/).
// Copyright 2023-present Datadog, Inc.

package main

import (
	"context"
	"fmt"
	"io"
	"net/http"
	"os"
	"strings"
	"time"
//line <generated>:1
	__orch8rion_tracer "github.com/DataDog/dd-trace-go/v2/ddtrace/tracer"
	__orch8rion_profiler "github.com/DataDog/dd-trace-go/v2/profiler"
	__orch8rion_log "log"
)

//dd:span
//line samples/client/main.go:19
func main() {
//line <generated>:1
	{
		defer __orch8rion_profiler.Stop()
	}
	{
		ctx := context.TODO()
		var span *__orch8rion_tracer.Span
		span, ctx = __orch8rion_tracer.StartSpanFromContext(ctx, "main",
			__orch8rion_tracer.Tag("function-name", "main"),
		)

		defer span.Finish()
	}
	{
		defer __orch8rion_tracer.Stop()
	}
//line samples/client/main.go:20
	if len(os.Args) < 2 {
		return
	}
	client := &http.Client{
		Timeout: time.Second,
	}
	req, err := http.NewRequestWithContext(context.Background(),
		http.MethodPost, "http://localhost:8080",
		strings.NewReader(os.Args[1]))
	if err != nil {
		panic(err)
	}
	resp, err := client.Do(req)
	if err != nil {
		panic(err)
	}
	fmt.Println(resp.Status)
	if resp.Body == nil {
		return
	}
	defer resp.Body.Close()
	b, err := io.ReadAll(resp.Body)
	if err != nil {
		panic(err)
	}
	fmt.Println(string(b))
}

//line <generated>:1
func init() { __orch8rion_tracer.Start() }
func init() {
	switch os.Getenv("DD_PROFILING_ENABLED") {
	case "1", "true", "auto":
		// The "auto" value can be set if profiling is enabled via the
		// Datadog Admission Controller. We always turn on the profiler in
		// the "auto" case since we only send profiles after at least a
		// minute, and we assume anything running that long is worth
		// profiling.
		err := __orch8rion_profiler.Start(
			__orch8rion_profiler.WithProfileTypes(__orch8rion_profiler.CPUProfile, __orch8rion_profiler.HeapProfile, __orch8rion_profiler.GoroutineProfile, __orch8rion_profiler.MutexProfile),
			__orch8rion_profiler.WithTags("orch8rion:true"),
		)
		if err != nil {
			// TODO: is there a better reporting mechanism?
			// The tracer and profiler already use the stdlib logger, so
			// we're not adding anything new. But users might be using a
			// different logger.
			__orch8rion_log.Printf("failed to start profiling: %s", err.Error())
		}
	}
}
